// Jest Snapshot v1, https://goo.gl/fbAQLP

exports[`Filter Component renders 1`] = `
<div>
  <div
    class="hack-ideas--filter row"
  >
    <div
      class="search-bar col s12 m12 l4"
    >
      <nav>
        <div
          class="nav-wrapper"
        >
          <form>
            <div
              class="input-field grey lighten-4"
            >
              <input
                id="search"
                type="search"
                value="mock-search"
              />
              <label
                class="label-icon"
                for="search"
              >
                <i
                  class="material-icons"
                >
                  search
                </i>
              </label>
              <i
                class="clear-icon material-icons"
              >
                close
              </i>
            </div>
          </form>
        </div>
      </nav>
    </div>
    <div
      class="filter-dropdown col s4 m2 l2"
    >
      <a
        class="dropdown-trigger btn-floating btn-large"
        data-target="dropdown1"
      >
        <i
          class="large material-icons"
        >
          sort
        </i>
      </a>
      <ul
        class="dropdown-content"
        id="dropdown1"
        tabindex="0"
      >
        <li
          class=""
          tabindex="0"
        >
          <a>
            <i
              class="material-icons"
            >
              access_time
            </i>
            By Created On
          </a>
        </li>
        <li
          class=""
          tabindex="0"
        >
          <a>
            <i
              class="material-icons"
            >
              thumb_up
            </i>
            By Upvotes
          </a>
        </li>
        <li
          class="divider"
          tabindex="-1"
        />
        <li
          tabindex="0"
        >
          <a>
            <i
              class="material-icons"
            >
              cached
            </i>
            Reset
          </a>
        </li>
      </ul>
    </div>
  </div>
</div>
`;
